// Vitest Snapshot v1

exports[`scan js like syntax 1`] = `
[
  "import",
  "{",
  "defineConfig",
  "}",
  "from",
  "'",
  "vite",
  "'",
  ";",
  "let",
  "test",
  "=",
  "1234",
  ";",
]
`;

exports[`scan math like syntax > consume 1`] = `
[
  "-",
  "1",
  "+",
  "2",
  "*",
  "3",
  "-",
  "(",
  "4",
  "/",
  "2",
  ")",
]
`;
